=== 2026-10-07 01:47:53 st-r2-n704 W=128 (load 0.71 4.39 6.34)
st-r2-n704: W=128, T=16, conditional-gaussian, estimate -155.3 (meets 2^-128)
  mean=4.869843s, all outputs correct
st-r2-n704: W=128, T=32, conditional-gaussian, estimate -155.3 (meets 2^-128)
  mean=2.959414s, all outputs correct
st-r2-n704: W=128, T=64, conditional-gaussian, estimate -155.3 (meets 2^-128)
  mean=2.559302s, all outputs correct
Results: <pkg>/results/paired-st-r2-n704-w128-20261007
=== 2026-10-07 01:57:08 st-r2-n688 W=128 (load 0.29 2.02 4.64)
st-r2-n688: W=128, T=16, conditional-gaussian, estimate -131.1 (meets 2^-128)
  mean=4.764793s, all outputs correct
st-r2-n688: W=128, T=32, conditional-gaussian, estimate -131.1 (meets 2^-128)
  mean=2.793418s, all outputs correct
st-r2-n688: W=128, T=64, conditional-gaussian, estimate -131.1 (meets 2^-128)
  mean=2.468940s, all outputs correct
Results: <pkg>/results/paired-st-r2-n688-w128-20261007
=== 2026-10-07 02:06:18 st-r2-n704 W=256 (load 0.32 1.69 3.77)
st-r2-n704: W=256, T=16, conditional-gaussian, estimate -153.3 (meets 2^-128)
  mean=17.575618s, all outputs correct
st-r2-n704: W=256, T=32, conditional-gaussian, estimate -153.3 (meets 2^-128)
  mean=10.077290s, all outputs correct
st-r2-n704: W=256, T=64, conditional-gaussian, estimate -153.3 (meets 2^-128)
  mean=9.241979s, all outputs correct
Results: <pkg>/results/paired-st-r2-n704-w256-20261007
=== 2026-10-07 02:20:14 st-r2-n688 W=256 (load 0.51 4.00 6.01)
st-r2-n688: W=256, T=16, conditional-gaussian, estimate -129.1 (meets 2^-128)
  mean=17.227302s, all outputs correct
st-r2-n688: W=256, T=32, conditional-gaussian, estimate -129.1 (meets 2^-128)
  mean=9.908649s, all outputs correct
st-r2-n688: W=256, T=64, conditional-gaussian, estimate -129.1 (meets 2^-128)
  mean=8.915422s, all outputs correct
Results: <pkg>/results/paired-st-r2-n688-w256-20261007
=== 2026-10-07 02:26:04 done (load 37.99 18.73 11.24)
