=== 2026-10-07 00:07:59 build (load 2.05 2.04 2.06)
build: ring
=== 2026-10-07 00:08:03 smoke (load 2.05 2.04 2.06)
st-r2-n688: W=16, T=1, conditional-gaussian, estimate -136.6 (meets 2^-128)
  mean=1.633230s, all outputs correct
Results: <pkg>/results/smoke-st688-20261007
=== 2026-10-07 00:13:09 st688 W=16 (load 2.17 2.11 2.09)
st-r2-n688: W=16, T=1, conditional-gaussian, estimate -136.6 (meets 2^-128)
  mean=1.630683s, all outputs correct
st-r2-n688: W=16, T=2, conditional-gaussian, estimate -136.6 (meets 2^-128)
  mean=0.862545s, all outputs correct
st-r2-n688: W=16, T=4, conditional-gaussian, estimate -136.6 (meets 2^-128)
  mean=0.449097s, all outputs correct
st-r2-n688: W=16, T=8, conditional-gaussian, estimate -136.6 (meets 2^-128)
  mean=0.248295s, all outputs correct
st-r2-n688: W=16, T=16, conditional-gaussian, estimate -136.6 (meets 2^-128)
  mean=0.177146s, all outputs correct
st-r2-n688: W=16, T=32, conditional-gaussian, estimate -136.6 (meets 2^-128)
  mean=0.156026s, all outputs correct
st-r2-n688: W=16, T=64, conditional-gaussian, estimate -136.6 (meets 2^-128)
  mean=0.160194s, all outputs correct
Results: <pkg>/results/stats-st688-w16-20261007
=== 2026-10-07 00:19:12 st688 W=32 (load 2.46 2.41 2.25)
st-r2-n688: W=32, T=1, conditional-gaussian, estimate -134.8 (meets 2^-128)
  mean=5.383093s, all outputs correct
st-r2-n688: W=32, T=2, conditional-gaussian, estimate -134.8 (meets 2^-128)
  mean=2.800200s, all outputs correct
st-r2-n688: W=32, T=4, conditional-gaussian, estimate -134.8 (meets 2^-128)
  mean=1.436118s, all outputs correct
st-r2-n688: W=32, T=8, conditional-gaussian, estimate -134.8 (meets 2^-128)
  mean=0.801305s, all outputs correct
st-r2-n688: W=32, T=16, conditional-gaussian, estimate -134.8 (meets 2^-128)
  mean=0.485807s, all outputs correct
st-r2-n688: W=32, T=32, conditional-gaussian, estimate -134.8 (meets 2^-128)
  mean=0.361507s, all outputs correct
st-r2-n688: W=32, T=64, conditional-gaussian, estimate -134.8 (meets 2^-128)
  mean=0.381328s, all outputs correct
Results: <pkg>/results/stats-st688-w32-20261007
=== 2026-10-07 00:27:19 st688 W=64 (load 2.10 2.51 2.45)
st-r2-n688: W=64, T=1, conditional-gaussian, estimate -133.0 (meets 2^-128)
  mean=17.764217s, all outputs correct
st-r2-n688: W=64, T=2, conditional-gaussian, estimate -133.0 (meets 2^-128)
  mean=9.257029s, all outputs correct
st-r2-n688: W=64, T=4, conditional-gaussian, estimate -133.0 (meets 2^-128)
  mean=4.768966s, all outputs correct
st-r2-n688: W=64, T=8, conditional-gaussian, estimate -133.0 (meets 2^-128)
  mean=2.617130s, all outputs correct
st-r2-n688: W=64, T=16, conditional-gaussian, estimate -133.0 (meets 2^-128)
  mean=1.476430s, all outputs correct
st-r2-n688: W=64, T=32, conditional-gaussian, estimate -133.0 (meets 2^-128)
  mean=0.941056s, all outputs correct
st-r2-n688: W=64, T=64, conditional-gaussian, estimate -133.0 (meets 2^-128)
  mean=0.867285s, all outputs correct
Results: <pkg>/results/stats-st688-w64-20261007
=== 2026-10-07 00:39:38 st688 W=128 (load 2.08 2.88 2.99)
st-r2-n688: W=128, T=1, conditional-gaussian, estimate -131.1 (meets 2^-128)
  mean=63.546925s, all outputs correct
st-r2-n688: W=128, T=2, conditional-gaussian, estimate -131.1 (meets 2^-128)
  mean=32.525711s, all outputs correct
st-r2-n688: W=128, T=4, conditional-gaussian, estimate -131.1 (meets 2^-128)
  mean=17.025841s, all outputs correct
st-r2-n688: W=128, T=8, conditional-gaussian, estimate -131.1 (meets 2^-128)
  mean=9.162308s, all outputs correct
st-r2-n688: W=128, T=16, conditional-gaussian, estimate -131.1 (meets 2^-128)
  mean=4.990188s, all outputs correct
st-r2-n688: W=128, T=32, conditional-gaussian, estimate -131.1 (meets 2^-128)
  mean=3.000052s, all outputs correct
st-r2-n688: W=128, T=64, conditional-gaussian, estimate -131.1 (meets 2^-128)
  mean=2.669153s, all outputs correct
Results: <pkg>/results/stats-st688-w128-20261007
=== 2026-10-07 01:03:37 st688 W=256 (load 2.33 3.83 4.35)
st-r2-n688: W=256, T=1, conditional-gaussian, estimate -129.1 (meets 2^-128)
  mean=235.046554s, all outputs correct
st-r2-n688: W=256, T=2, conditional-gaussian, estimate -129.1 (meets 2^-128)
  mean=120.406263s, all outputs correct
st-r2-n688: W=256, T=4, conditional-gaussian, estimate -129.1 (meets 2^-128)
  mean=60.544309s, all outputs correct
st-r2-n688: W=256, T=8, conditional-gaussian, estimate -129.1 (meets 2^-128)
  mean=34.101203s, all outputs correct
st-r2-n688: W=256, T=16, conditional-gaussian, estimate -129.1 (meets 2^-128)
  mean=18.300844s, all outputs correct
st-r2-n688: W=256, T=32, conditional-gaussian, estimate -129.1 (meets 2^-128)
  mean=10.585640s, all outputs correct
st-r2-n688: W=256, T=64, conditional-gaussian, estimate -129.1 (meets 2^-128)
  mean=9.928381s, all outputs correct
Results: <pkg>/results/stats-st688-w256-20261007
=== 2026-10-07 01:39:45 done (load 35.68 18.59 9.98)
